{
  "tangram://resources/js/*": [
    "./../../../../ui/webui/resources/tsc/js/*"
  ],
  "tangram://resources/cr_components/localized_link/*": [
    "./../../../../ui/webui/resources/tsc/cr_components/localized_link/*"
  ],
  "tangram://resources/polymer/v3_0/polymer/polymer_bundled.min.js": [
    "./../../../../../tests/third_party/polymer/v3_0/components-chromium/polymer/polymer.d.ts"
  ],
  "tangram://resources/polymer/v3_0/*": [
    "./../../../../../tests/third_party/polymer/v3_0/components-chromium/*"
  ],
  "tangram://resources/lit/v3_0/lit.rollup.js": [
    "./../../../../third_party/lit/v3_0/lit.d.ts"
  ]
}